// Jest Snapshot v1, https://goo.gl/fbAQLP

exports[`Card List should be matches snapshot 1`] = `
<body>
  <div>
    <div
      class=""
      data-testid="loadingTestId"
    >
      <div
        class="spinner light-loader"
      />
    </div>
  </div>
</body>
`;
